Microchip MPLAB XC8 Compiler V1.35 ()

Linker command line:

-W-3 --edf=C:\Program Files\Microchip\xc8\v1.35\dat\en_msgs.txt -cs \
  -h+dist/default/production\BTL.production.sym \
  --cmf=dist/default/production\BTL.production.cmf -z -Q16F887 \
  -oC:\Users\ADMINI~1\AppData\Local\Temp\s5kg.2 \
  -Mdist/default/production/BTL.production.map -E1 -ver=XC8 \
  -ASTACK=0110h-016fh -pstack=STACK -ACODE=00h-07FFhx4 -ASTRCODE=00h-01FFFh \
  -ASTRING=00h-0FFhx32 -ACONST=00h-0FFhx32 -AENTRY=00h-0FFhx32 \
  -ACOMMON=070h-07Fh -ABANK0=020h-06Fh -ABANK1=0A0h-0EFh \
  -ABANK2=0110h-016Fh -ABANK3=0190h-01EFh \
  -ARAM=020h-06Fh,0A0h-0EFh,0110h-016Fh,0190h-01EFh \
  -AABS1=020h-07Fh,0A0h-0EFh,0110h-016Fh,0190h-01EFh -ASFR0=00h-01Fh \
  -ASFR1=080h-09Fh -ASFR2=0100h-010Fh -ASFR3=0180h-018Fh \
  -preset_vec=00h,intentry=04h,init,end_init -ppowerup=CODE -pcinit=CODE \
  -pfunctab=CODE -ACONFIG=02007h-02008h -pconfig=CONFIG -DCONFIG=2 \
  -AIDLOC=02000h-02003h -pidloc=IDLOC -DIDLOC=2 -AEEDATA=00h-0FFh/02100h \
  -peeprom_data=EEDATA -DEEDATA=2 -DCODE=2 -DSTRCODE=2 -DSTRING=2 -DCONST=2 \
  -DENTRY=2 -k C:\Users\ADMINI~1\AppData\Local\Temp\s5kg.obj \
  dist/default/production\BTL.production.obj 

Object code version is 3.11

Machine type is 16F887



                Name                               Link     Load   Length Selector   Space Scale
C:\Users\ADMINI~1\AppData\Local\Temp\s5kg.obj
                end_init                             12       12        3        8       0
                reset_vec                             0        0        3        0       0
                config                             2007     2007        2     400E       0
dist/default/production\BTL.production.obj
                cinit                                15       15       16        8       0
                intentry                              4        4        E        8       0
                text50                              CE4      CE4       7B     19C8       0
                text49                              BF2      BF2       79     17E4       0
                text48                              B10      B10       6C     1620       0
                text47                             15FA     15FA       21     2BF4       0
                text46                              E77      E77       B8     1CEE       0
                text45                              F2F      F2F       D1     1E5E       0
                text44                              DE9      DE9       8E     1BD2       0
                text43                              B7C      B7C       76     16F8       0
                text42                             15AC     15AC       11     2B58       0
                text41                             1574     1574        9     2AE8       0
                text40                             157D     157D        9     2AFA       0
                text39                             1544     1544        8     2A88       0
                text38                             154C     154C        8     2A98       0
                text37                             1554     1554        8     2AA8       0
                text36                             1586     1586        9     2B0C       0
                text35                             176D     176D       48     2EDA       0
                text34                              AB1      AB1       5F     1562       0
                text33                              9FA      9FA       59     13F4       0
                text32                             17B5     17B5       4B     2F6A       0
                text31                              9A6      9A6       54     134C       0
                text30                              C6B      C6B       79     18D6       0
                text29                             1668     1668       2C     2CD0       0
                text28                              D5F      D5F       8A     1ABE       0
                text27                             16C2     16C2       34     2D84       0
                text26                              81D      81D       4C     103A       0
                text25                               2B       2B      1E3        8       0
                text24                             1694     1694       2E     2D28       0
                text23                             172C     172C       41     2E58       0
                text22                              7A3      7A3       5B      BE8       0
                text21                              8B5      8B5       4D     116A       0
                text20                             16F6     16F6       36     2DEC       0
                text19                             1641     1641       27     2C82       0
                text18                             15BD     15BD       1E     2B7A       0
                text17                              902      902       52     1204       0
                text16                             161B     161B       26     2C36       0
                text15                              5F4      5F4       DE      BE8       0
                text14                             15DB     15DB       1F     2BB6       0
                text13                              20E      20E      1CD        8       0
                text12                              3DB      3DB      12A        8       0
                text11                              A53      A53       5E     14A6       0
                text10                              80A      80A       13     1014       0
                text9                              158F     158F        9     2B1E       0
                text8                              1598     1598        9     2B30       0
                text7                              155C     155C        8     2AB8       0
                text6                              1564     1564        8     2AC8       0
                text5                              156C     156C        8     2AD8       0
                text4                              15A1     15A1        B     2B42       0
                text3                               954      954       52     12A8       0
                text2                               869      869       4C     10D2       0
                text1                               800      800        A     1000       0
                maintext                            6D2      6D2       D1      BE8       0
                cstackBANK0                          20       20       31       20       1
                cstackCOMMON                         70       70        E       70       1
                cstackBANK1                          A0       A0       11       A0       1
                bssBANK1                             B1       B1        D       A0       1
                bssBANK0                             57       57        3       20       1
                strings                             505      505       EF      A0A       0
                nvBANK1                              BE       BE        2       A0       1
                nvBANK0                              51       51        6       20       1

TOTAL           Name                               Link     Load   Length     Space
        CLASS   STACK          

        CLASS   CODE           
                end_init                             12       12        3         0
                cinit                                15       15       16         0
                intentry                              4        4        E         0
                reset_vec                             0        0        3         0
                text50                              CE4      CE4       7B         0
                text49                              BF2      BF2       79         0
                text48                              B10      B10       6C         0
                text47                             15FA     15FA       21         0
                text46                              E77      E77       B8         0
                text45                              F2F      F2F       D1         0
                text44                              DE9      DE9       8E         0
                text43                              B7C      B7C       76         0
                text42                             15AC     15AC       11         0
                text41                             1574     1574        9         0
                text40                             157D     157D        9         0
                text39                             1544     1544        8         0
                text38                             154C     154C        8         0
                text37                             1554     1554        8         0
                text36                             1586     1586        9         0
                text35                             176D     176D       48         0
                text34                              AB1      AB1       5F         0
                text33                              9FA      9FA       59         0
                text32                             17B5     17B5       4B         0
                text31                              9A6      9A6       54         0
                text30                              C6B      C6B       79         0
                text29                             1668     1668       2C         0
                text28                              D5F      D5F       8A         0
                text27                             16C2     16C2       34         0
                text26                              81D      81D       4C         0
                text25                               2B       2B      1E3         0
                text24                             1694     1694       2E         0
                text23                             172C     172C       41         0
                text22                              7A3      7A3       5B         0
                text21                              8B5      8B5       4D         0
                text20                             16F6     16F6       36         0
                text19                             1641     1641       27         0
                text18                             15BD     15BD       1E         0
                text17                              902      902       52         0
                text16                             161B     161B       26         0
                text15                              5F4      5F4       DE         0
                text14                             15DB     15DB       1F         0
                text13                              20E      20E      1CD         0
                text12                              3DB      3DB      12A         0
                text11                              A53      A53       5E         0
                text10                              80A      80A       13         0
                text9                              158F     158F        9         0
                text8                              1598     1598        9         0
                text7                              155C     155C        8         0
                text6                              1564     1564        8         0
                text5                              156C     156C        8         0
                text4                              15A1     15A1        B         0
                text3                               954      954       52         0
                text2                               869      869       4C         0
                text1                               800      800        A         0
                maintext                            6D2      6D2       D1         0

        CLASS   STRCODE        

        CLASS   STRING         
                strings                             505      505       EF         0

        CLASS   CONST          

        CLASS   ENTRY          

        CLASS   COMMON         
                cstackCOMMON                         70       70        E         1

        CLASS   BANK0          
                cstackBANK0                          20       20       31         1
                bssBANK0                             57       57        3         1
                nvBANK0                              51       51        6         1

        CLASS   BANK1          
                cstackBANK1                          A0       A0       11         1
                bssBANK1                             B1       B1        D         1
                nvBANK1                              BE       BE        2         1

        CLASS   BANK2          

        CLASS   BANK3          

        CLASS   RAM            

        CLASS   ABS1           
                abs_s1                               7E       7E        2         1

        CLASS   SFR0           

        CLASS   SFR1           

        CLASS   SFR2           

        CLASS   SFR3           

        CLASS   CONFIG         
                config                             2007     2007        2         0

        CLASS   IDLOC          

        CLASS   EEDATA         



SEGMENTS        Name                           Load    Length   Top    Selector   Space  Class     Delta

                reset_vec                      000000  000003  000003         0       0  CODE        2
                intentry                       000004  000501  000505         8       0  CODE        2
                cstackBANK0                    000020  00003A  00005A        20       1  BANK0       1
                cstackCOMMON                   000070  00000E  00007E        70       1  COMMON      1
                cstackBANK1                    0000A0  000020  0000C0        A0       1  BANK1       1
                strings                        000505  0000EF  0005F4       A0A       0  STRING      2
                text15                         0005F4  00020A  0007FE       BE8       0  CODE        2
                text1                          000800  00000A  00080A      1000       0  CODE        2
                text10                         00080A  000013  00081D      1014       0  CODE        2
                text26                         00081D  00004C  000869      103A       0  CODE        2
                text2                          000869  00004C  0008B5      10D2       0  CODE        2
                text21                         0008B5  00004D  000902      116A       0  CODE        2
                text17                         000902  000052  000954      1204       0  CODE        2
                text3                          000954  000052  0009A6      12A8       0  CODE        2
                text31                         0009A6  000054  0009FA      134C       0  CODE        2
                text33                         0009FA  000059  000A53      13F4       0  CODE        2
                text11                         000A53  00005E  000AB1      14A6       0  CODE        2
                text34                         000AB1  00005F  000B10      1562       0  CODE        2
                text48                         000B10  00006C  000B7C      1620       0  CODE        2
                text43                         000B7C  000076  000BF2      16F8       0  CODE        2
                text49                         000BF2  000079  000C6B      17E4       0  CODE        2
                text30                         000C6B  000079  000CE4      18D6       0  CODE        2
                text50                         000CE4  00007B  000D5F      19C8       0  CODE        2
                text28                         000D5F  00008A  000DE9      1ABE       0  CODE        2
                text44                         000DE9  00008E  000E77      1BD2       0  CODE        2
                text46                         000E77  0000B8  000F2F      1CEE       0  CODE        2
                text45                         000F2F  0000D1  001000      1E5E       0  CODE        2
                text39                         001544  000008  00154C      2A88       0  CODE        2
                text38                         00154C  000008  001554      2A98       0  CODE        2
                text37                         001554  000008  00155C      2AA8       0  CODE        2
                text7                          00155C  000008  001564      2AB8       0  CODE        2
                text6                          001564  000008  00156C      2AC8       0  CODE        2
                text5                          00156C  000008  001574      2AD8       0  CODE        2
                text41                         001574  000009  00157D      2AE8       0  CODE        2
                text40                         00157D  000009  001586      2AFA       0  CODE        2
                text36                         001586  000009  00158F      2B0C       0  CODE        2
                text9                          00158F  000009  001598      2B1E       0  CODE        2
                text8                          001598  000009  0015A1      2B30       0  CODE        2
                text4                          0015A1  00000B  0015AC      2B42       0  CODE        2
                text42                         0015AC  000011  0015BD      2B58       0  CODE        2
                text18                         0015BD  00001E  0015DB      2B7A       0  CODE        2
                text14                         0015DB  00001F  0015FA      2BB6       0  CODE        2
                text47                         0015FA  000021  00161B      2BF4       0  CODE        2
                text16                         00161B  000026  001641      2C36       0  CODE        2
                text19                         001641  000027  001668      2C82       0  CODE        2
                text29                         001668  00002C  001694      2CD0       0  CODE        2
                text24                         001694  00002E  0016C2      2D28       0  CODE        2
                text27                         0016C2  000034  0016F6      2D84       0  CODE        2
                text20                         0016F6  000036  00172C      2DEC       0  CODE        2
                text23                         00172C  000041  00176D      2E58       0  CODE        2
                text35                         00176D  000048  0017B5      2EDA       0  CODE        2
                text32                         0017B5  00004B  001800      2F6A       0  CODE        2
                config                         002007  000002  002009      400E       0  CONFIG      2


UNUSED ADDRESS RANGES

        Name                Unused          Largest block    Delta
        BANK0            005A-006F             16           1
        BANK1            00C0-00EF             30           1
        BANK2            0110-016F             60           1
        BANK3            0190-01EF             60           1
        CODE             0003-0003              1           2
                         07FE-07FF              2
                         1000-1543            544
                         1800-1FFF            800
        CONST            0003-0003              1           2
                         07FE-07FF              2
                         1000-1543            100
                         1800-1FFF            100
        EEDATA           2100-21FF            100           2
        ENTRY            0003-0003              1           2
                         07FE-07FF              2
                         1000-1543            100
                         1800-1FFF            100
        IDLOC            2000-2003              4           2
        RAM              005A-006F             16           1
                         00C0-00EF             30
                         0110-016F             60
                         0190-01EF             60
        SFR0             0000-001F             20           1
        SFR1             0080-009F             20           1
        SFR2             0100-010F             10           1
        SFR3             0180-018F             10           1
        STACK            0110-016F             60           1
        STRCODE          0003-0003              1           2
                         07FE-07FF              2
                         1000-1543            544
                         1800-1FFF            800
        STRING           0003-0003              1           2
                         07FE-07FF              2
                         1000-1543            100
                         1800-1FFF            100

                                  Symbol Table

?___awdiv                   cstackBANK1  00A0
?___awmod                   cstackBANK1  00A0
?___awtoft                  cstackCOMMON 0078
?___ftdiv                   cstackBANK0  002A
?___ftmul                   cstackCOMMON 0078
?___ftpack                  cstackCOMMON 0070
?___fttol                   cstackBANK0  003A
?i1___awdiv                 cstackCOMMON 0070
?i1___awmod                 cstackCOMMON 0070
DS1307_Read@add             cstackBANK1  00A8
DS1307_Read@data            cstackBANK1  00AA
DS1307_Read@temp            cstackBANK1  00A9
DS1307_Write@add            cstackCOMMON 007A
DS1307_Write@dat            cstackCOMMON 0079
DS1307_Write@tmp            cstackCOMMON 007B
Display@One                 cstackBANK1  00AB
Lcd_Cmd@a                   cstackBANK1  00A2
Lcd_Port@a                  cstackBANK1  00A0
Lcd_Set_Cursor@a            cstackBANK1  00A6
Lcd_Set_Cursor@b            cstackBANK1  00A3
Lcd_Set_Cursor@temp         cstackBANK1  00A9
Lcd_Set_Cursor@y            cstackBANK1  00A8
Lcd_Set_Cursor@z            cstackBANK1  00A7
Lcd_Write_Char@a            cstackBANK1  00A4
Lcd_Write_Char@temp         cstackBANK1  00A2
Lcd_Write_Char@y            cstackBANK1  00A3
Lcd_Write_String@a          cstackBANK1  00A7
Lcd_Write_String@i          cstackBANK1  00A5
_ACKDT                      (abs)        048D
_ACKEN                      (abs)        048C
_ADCON0                     (abs)        001F
_ADCON0bits                 (abs)        001F
_ADCON1                     (abs)        009F
_ADCvalue                   nvBANK0      0051
_ADRESH                     (abs)        001E
_ADRESL                     (abs)        009E
_ANSEL                      (abs)        0188
_ANSELH                     (abs)        0189
_ANSELbits                  (abs)        0188
_Change_Mode12h             text50       0CE4
_DS1307_Read                text3        0954
_DS1307_Write               text31       09A6
_Display                    text20       16F6
_Display_Alarm              text15       05F4
_Display_Hour               text14       15DB
_Display_HourAlarm          text19       1641
_Display_SetTime            text13       020E
_Display_Time               text12       03DB
_Fix_Alarm                  text49       0BF2
_Fix_Time                   text28       0D5F
_INTCONbits                 (abs)        000B
_IOCBbits                   (abs)        0096
_ISR                        text25       002B
_Lcd_Cmd                    text18       15BD
_Lcd_Init                   text11       0A53
_Lcd_Port                   text24       1694
_Lcd_Set_Cursor             text17       0902
_Lcd_Write_Char             text23       172C
_Lcd_Write_String           text16       161B
_OPTION_REGbits             (abs)        0081
_PEN                        (abs)        048A
_PORTD                      (abs)        0008
_PSA                        (abs)        040B
_RB1                        (abs)        0031
_RB2                        (abs)        0032
_RB3                        (abs)        0033
_RB4                        (abs)        0034
_RB5                        (abs)        0035
_RBIF                       (abs)        0058
_RCEN                       (abs)        048B
_RD0                        (abs)        0040
_RD2                        (abs)        0042
_RD3                        (abs)        0043
_RD4                        (abs)        0044
_RD5                        (abs)        0045
_RD6                        (abs)        0046
_RD7                        (abs)        0047
_RSEN                       (abs)        0489
_Read_FullTime              text2        0869
_Read_Tem                   text43       0B7C
_Read_Time                  text34       0AB1
_SEN                        (abs)        0488
_SMP                        (abs)        04A7
_SSPADD                     (abs)        0093
_SSPBUF                     (abs)        0013
_SSPCON                     (abs)        0014
_SSPIF                      (abs)        0063
_TMR0                       (abs)        0001
_TRISA1                     (abs)        0429
_TRISB                      (abs)        0086
_TRISD                      (abs)        0088
_WPUBbits                   (abs)        0095
_Write_Hour                 text30       0C6B
_Write_Min                  text29       1668
_Write_Time                 text27       16C2
__CFG_BOR4V$BOR40V          (abs)        0000
__CFG_BOREN$ON              (abs)        0000
__CFG_CP$OFF                (abs)        0000
__CFG_CPD$OFF               (abs)        0000
__CFG_FCMEN$ON              (abs)        0000
__CFG_FOSC$HS               (abs)        0000
__CFG_IESO$ON               (abs)        0000
__CFG_LVP$OFF               (abs)        0000
__CFG_MCLRE$ON              (abs)        0000
__CFG_PWRTE$OFF             (abs)        0000
__CFG_WDTE$OFF              (abs)        0000
__CFG_WRT$OFF               (abs)        0000
__Habs1                     abs1         0000
__Hbank0                    bank0        0000
__Hbank1                    bank1        0000
__Hbank2                    bank2        0000
__Hbank3                    bank3        0000
__HbssBANK0                 bssBANK0     0000
__HbssBANK1                 bssBANK1     0000
__Hcinit                    cinit        002B
__Hclrtext                  clrtext      0000
__Hcode                     code         0000
__Hcommon                   common       0000
__Hconfig                   config       2009
__HcstackBANK0              cstackBANK0  0000
__HcstackBANK1              cstackBANK1  0000
__HcstackCOMMON             cstackCOMMON 0000
__Heeprom_data              eeprom_data  0000
__Hend_init                 end_init     0015
__Hfunctab                  functab      0000
__Hidloc                    idloc        0000
__Hinit                     init         0012
__Hintentry                 intentry     0012
__Hmaintext                 maintext     0000
__HnvBANK0                  nvBANK0      0000
__HnvBANK1                  nvBANK1      0000
__Hpowerup                  powerup      0000
__Hram                      ram          0000
__Hreset_vec                reset_vec    0003
__Hsfr0                     sfr0         0000
__Hsfr1                     sfr1         0000
__Hsfr2                     sfr2         0000
__Hsfr3                     sfr3         0000
__Hspace_0                  (abs)        2009
__Hspace_1                  (abs)        00C0
__Hspace_2                  (abs)        0000
__Hspace_3                  (abs)        0000
__Hstack                    stack        0000
__Hstrings                  strings      0000
__Htext                     text         0000
__Labs1                     abs1         0000
__Lbank0                    bank0        0000
__Lbank1                    bank1        0000
__Lbank2                    bank2        0000
__Lbank3                    bank3        0000
__LbssBANK0                 bssBANK0     0000
__LbssBANK1                 bssBANK1     0000
__Lcinit                    cinit        0015
__Lclrtext                  clrtext      0000
__Lcode                     code         0000
__Lcommon                   common       0000
__Lconfig                   config       2007
__LcstackBANK0              cstackBANK0  0000
__LcstackBANK1              cstackBANK1  0000
__LcstackCOMMON             cstackCOMMON 0000
__Leeprom_data              eeprom_data  0000
__Lend_init                 end_init     0012
__Lfunctab                  functab      0000
__Lidloc                    idloc        0000
__Linit                     init         0012
__Lintentry                 intentry     0004
__Lmaintext                 maintext     0000
__LnvBANK0                  nvBANK0      0000
__LnvBANK1                  nvBANK1      0000
__Lpowerup                  powerup      0000
__Lram                      ram          0000
__Lreset_vec                reset_vec    0000
__Lsfr0                     sfr0         0000
__Lsfr1                     sfr1         0000
__Lsfr2                     sfr2         0000
__Lsfr3                     sfr3         0000
__Lspace_0                  (abs)        0000
__Lspace_1                  (abs)        0000
__Lspace_2                  (abs)        0000
__Lspace_3                  (abs)        0000
__Lstack                    stack        0000
__Lstrings                  strings      0000
__Ltext                     text         0000
__S0                        (abs)        2009
__S1                        (abs)        00C0
__S2                        (abs)        0000
__S3                        (abs)        0000
___awdiv                    text22       07A3
___awdiv@counter            cstackBANK1  00A5
___awdiv@dividend           cstackBANK1  00A2
___awdiv@divisor            cstackBANK1  00A0
___awdiv@quotient           cstackBANK1  00A7
___awdiv@sign               cstackBANK1  00A6
___awmod                    text21       08B5
___awmod@counter            cstackBANK1  00A5
___awmod@dividend           cstackBANK1  00A2
___awmod@divisor            cstackBANK1  00A0
___awmod@sign               cstackBANK1  00A6
___awtoft                   text47       15FA
___awtoft@c                 cstackCOMMON 0078
___awtoft@sign              cstackCOMMON 007D
___bmul                     text10       080A
___bmul@multiplicand        cstackBANK1  00A0
___bmul@multiplier          cstackBANK1  00A3
___bmul@product             cstackBANK1  00A2
___ftdiv                    text46       0E77
___ftdiv@cntr               cstackBANK0  0034
___ftdiv@exp                cstackBANK0  0038
___ftdiv@f1                 cstackBANK0  002D
___ftdiv@f2                 cstackBANK0  002A
___ftdiv@f3                 cstackBANK0  0035
___ftdiv@sign               cstackBANK0  0039
___ftmul                    text45       0F2F
___ftmul@cntr               cstackBANK0  0028
___ftmul@exp                cstackBANK0  0024
___ftmul@f1                 cstackCOMMON 0078
___ftmul@f2                 cstackCOMMON 007B
___ftmul@f3_as_product      cstackBANK0  0025
___ftmul@sign               cstackBANK0  0029
___ftpack                   text48       0B10
___ftpack@arg               cstackCOMMON 0070
___ftpack@exp               cstackCOMMON 0073
___ftpack@sign              cstackCOMMON 0074
___fttol                    text44       0DE9
___fttol@exp1               cstackBANK0  0047
___fttol@f1                 cstackBANK0  003A
___fttol@lval               cstackBANK0  0043
___fttol@sign1              cstackBANK0  0042
___int_sp                   stack        0000
___latbits                  (abs)        0002
___sp                       stack        0000
__end_of_Change_Mode12h     text50       0D5F
__end_of_DS1307_Read        text3        09A6
__end_of_DS1307_Write       text31       09FA
__end_of_Display            text20       172C
__end_of_Display_Alarm      text15       06D2
__end_of_Display_Hour       text14       15FA
__end_of_Display_HourAlarm  text19       1668
__end_of_Display_SetTime    text13       03DB
__end_of_Display_Time       text12       0505
__end_of_Fix_Alarm          text49       0C6B
__end_of_Fix_Time           text28       0DE9
__end_of_ISR                text25       020E
__end_of_Lcd_Cmd            text18       15DB
__end_of_Lcd_Init           text11       0AB1
__end_of_Lcd_Port           text24       16C2
__end_of_Lcd_Set_Cursor     text17       0954
__end_of_Lcd_Write_Char     text23       176D
__end_of_Lcd_Write_String   text16       1641
__end_of_Read_FullTime      text2        08B5
__end_of_Read_Tem           text43       0BF2
__end_of_Read_Time          text34       0B10
__end_of_Write_Hour         text30       0CE4
__end_of_Write_Min          text29       1694
__end_of_Write_Time         text27       16F6
__end_of___awdiv            text22       07FE
__end_of___awmod            text21       0902
__end_of___awtoft           text47       161B
__end_of___bmul             text10       081D
__end_of___ftdiv            text46       0F2F
__end_of___ftmul            text45       1000
__end_of___ftpack           text48       0B7C
__end_of___fttol            text44       0E77
__end_of__initialization    cinit        0027
__end_of__stringtab         strings      050B
__end_of_i2c_Init           text1        080A
__end_of_i2c_Nack           text9        1598
__end_of_i2c_Read           text8        15A1
__end_of_i2c_Restart        text7        1564
__end_of_i2c_Start          text6        156C
__end_of_i2c_Stop           text5        1574
__end_of_i2c_Write          text4        15AC
__end_of_main               maintext     07A3
__end_ofi1_DS1307_Read      text35       17B5
__end_ofi1_Read_FullTime    text26       0869
__end_ofi1___awdiv          text33       0A53
__end_ofi1___awmod          text32       1800
__end_ofi1___bmul           text42       15BD
__end_ofi1_i2c_Nack         text41       157D
__end_ofi1_i2c_Read         text40       1586
__end_ofi1_i2c_Restart      text39       154C
__end_ofi1_i2c_Start        text38       1554
__end_ofi1_i2c_Stop         text37       155C
__end_ofi1_i2c_Write        text36       158F
__initialization            cinit        0015
__pbssBANK0                 bssBANK0     0057
__pbssBANK1                 bssBANK1     00B1
__pcstackBANK0              cstackBANK0  0020
__pcstackBANK1              cstackBANK1  00A0
__pcstackCOMMON             cstackCOMMON 0070
__pintentry                 intentry     0004
__pmaintext                 maintext     06D2
__pnvBANK0                  nvBANK0      0051
__pnvBANK1                  nvBANK1      00BE
__pstrings                  strings      0505
__ptext1                    text1        0800
__ptext10                   text10       080A
__ptext11                   text11       0A53
__ptext12                   text12       03DB
__ptext13                   text13       020E
__ptext14                   text14       15DB
__ptext15                   text15       05F4
__ptext16                   text16       161B
__ptext17                   text17       0902
__ptext18                   text18       15BD
__ptext19                   text19       1641
__ptext2                    text2        0869
__ptext20                   text20       16F6
__ptext21                   text21       08B5
__ptext22                   text22       07A3
__ptext23                   text23       172C
__ptext24                   text24       1694
__ptext25                   text25       002B
__ptext26                   text26       081D
__ptext27                   text27       16C2
__ptext28                   text28       0D5F
__ptext29                   text29       1668
__ptext3                    text3        0954
__ptext30                   text30       0C6B
__ptext31                   text31       09A6
__ptext32                   text32       17B5
__ptext33                   text33       09FA
__ptext34                   text34       0AB1
__ptext35                   text35       176D
__ptext36                   text36       1586
__ptext37                   text37       1554
__ptext38                   text38       154C
__ptext39                   text39       1544
__ptext4                    text4        15A1
__ptext40                   text40       157D
__ptext41                   text41       1574
__ptext42                   text42       15AC
__ptext43                   text43       0B7C
__ptext44                   text44       0DE9
__ptext45                   text45       0F2F
__ptext46                   text46       0E77
__ptext47                   text47       15FA
__ptext48                   text48       0B10
__ptext49                   text49       0BF2
__ptext5                    text5        156C
__ptext50                   text50       0CE4
__ptext6                    text6        1564
__ptext7                    text7        155C
__ptext8                    text8        1598
__ptext9                    text9        158F
__size_of_Change_Mode12h    (abs)        0000
__size_of_DS1307_Read       (abs)        0000
__size_of_DS1307_Write      (abs)        0000
__size_of_Display           (abs)        0000
__size_of_Display_Alarm     (abs)        0000
__size_of_Display_Hour      (abs)        0000
__size_of_Display_HourAlarm (abs)        0000
__size_of_Display_SetTime   (abs)        0000
__size_of_Display_Time      (abs)        0000
__size_of_Fix_Alarm         (abs)        0000
__size_of_Fix_Time          (abs)        0000
__size_of_ISR               (abs)        0000
__size_of_Lcd_Cmd           (abs)        0000
__size_of_Lcd_Init          (abs)        0000
__size_of_Lcd_Port          (abs)        0000
__size_of_Lcd_Set_Cursor    (abs)        0000
__size_of_Lcd_Write_Char    (abs)        0000
__size_of_Lcd_Write_String  (abs)        0000
__size_of_Read_FullTime     (abs)        0000
__size_of_Read_Tem          (abs)        0000
__size_of_Read_Time         (abs)        0000
__size_of_Write_Hour        (abs)        0000
__size_of_Write_Min         (abs)        0000
__size_of_Write_Time        (abs)        0000
__size_of___awdiv           (abs)        0000
__size_of___awmod           (abs)        0000
__size_of___awtoft          (abs)        0000
__size_of___bmul            (abs)        0000
__size_of___ftdiv           (abs)        0000
__size_of___ftmul           (abs)        0000
__size_of___ftpack          (abs)        0000
__size_of___fttol           (abs)        0000
__size_of_i2c_Init          (abs)        0000
__size_of_i2c_Nack          (abs)        0000
__size_of_i2c_Read          (abs)        0000
__size_of_i2c_Restart       (abs)        0000
__size_of_i2c_Start         (abs)        0000
__size_of_i2c_Stop          (abs)        0000
__size_of_i2c_Write         (abs)        0000
__size_of_main              (abs)        0000
__size_ofi1_DS1307_Read     (abs)        0000
__size_ofi1_Read_FullTime   (abs)        0000
__size_ofi1___awdiv         (abs)        0000
__size_ofi1___awmod         (abs)        0000
__size_ofi1___bmul          (abs)        0000
__size_ofi1_i2c_Nack        (abs)        0000
__size_ofi1_i2c_Read        (abs)        0000
__size_ofi1_i2c_Restart     (abs)        0000
__size_ofi1_i2c_Start       (abs)        0000
__size_ofi1_i2c_Stop        (abs)        0000
__size_ofi1_i2c_Write       (abs)        0000
__stringbase                strings      050A
__stringtab                 strings      0505
_alarm                      bssBANK1     00B1
_count                      bssBANK0     0057
_date                       bssBANK1     00B2
_day                        bssBANK1     00B3
_day_alarm                  nvBANK1      00BE
_hour                       bssBANK1     00B4
_hour_alarm                 bssBANK0     0058
_hour_alarm_display         bssBANK1     00B5
_hour_display               bssBANK1     00B6
_i2c_Init                   text1        0800
_i2c_Nack                   text9        158F
_i2c_Read                   text8        1598
_i2c_Restart                text7        155C
_i2c_Start                  text6        1564
_i2c_Stop                   text5        156C
_i2c_Write                  text4        15A1
_main                       maintext     06D2
_minute                     bssBANK1     00B7
_minute_alarm               nvBANK1      00BF
_mode                       bssBANK0     0059
_month                      bssBANK1     00B8
_quit                       bssBANK1     00B9
_second                     bssBANK1     00BA
_set                        bssBANK1     00BB
_temperature                bssBANK1     00BC
_voltage                    nvBANK0      0054
_year                       bssBANK1     00BD
btemp                       (abs)        007E
end_of_initialization       cinit        0027
i1DS1307_Read@add           cstackCOMMON 0078
i1DS1307_Read@data          cstackCOMMON 007A
i1DS1307_Read@temp          cstackCOMMON 0079
i1_DS1307_Read              text35       176D
i1_Read_FullTime            text26       081D
i1___awdiv                  text33       09FA
i1___awdiv@counter          cstackCOMMON 0075
i1___awdiv@dividend         cstackCOMMON 0072
i1___awdiv@divisor          cstackCOMMON 0070
i1___awdiv@quotient         cstackCOMMON 0077
i1___awdiv@sign             cstackCOMMON 0076
i1___awmod                  text32       17B5
i1___awmod@counter          cstackCOMMON 0075
i1___awmod@dividend         cstackCOMMON 0072
i1___awmod@divisor          cstackCOMMON 0070
i1___awmod@sign             cstackCOMMON 0076
i1___bmul                   text42       15AC
i1___bmul@multiplicand      cstackCOMMON 0070
i1___bmul@multiplier        cstackCOMMON 0073
i1___bmul@product           cstackCOMMON 0072
i1_i2c_Nack                 text41       1574
i1_i2c_Read                 text40       157D
i1_i2c_Restart              text39       1544
i1_i2c_Start                text38       154C
i1_i2c_Stop                 text37       1554
i1_i2c_Write                text36       1586
i1i2c_Write@data            cstackCOMMON 0070
i2c_Write@data              cstackBANK1  00A0
interrupt_function          intentry     0004
intlevel0                   functab      0000
intlevel1                   functab      0000
intlevel2                   functab      0000
intlevel3                   functab      0000
intlevel4                   functab      0000
intlevel5                   functab      0000
ltemp                       (abs)        007E
ltemp0                      (abs)        007E
ltemp1                      (abs)        0082
ltemp2                      (abs)        0086
ltemp3                      (abs)        0080
reset_vec                   reset_vec    0000
saved_w                     (abs)        007E
stackhi                     (abs)        0000
stacklo                     (abs)        0000
start                       init         0012
start_initialization        cinit        0015
ttemp                       (abs)        007E
ttemp0                      (abs)        007E
ttemp1                      (abs)        0081
ttemp2                      (abs)        0084
ttemp3                      (abs)        0087
ttemp4                      (abs)        007F
wtemp                       (abs)        007E
wtemp0                      (abs)        007E
wtemp1                      (abs)        0080
wtemp2                      (abs)        0082
wtemp3                      (abs)        0084
wtemp4                      (abs)        0086
wtemp5                      (abs)        0088
wtemp6                      (abs)        007F


FUNCTION INFORMATION:

 *************** function _main *****************
 Defined at:
		line 602 in file "main.c"
 Parameters:    Size  Location     Type
		None
 Auto vars:     Size  Location     Type
		None
 Return value:  Size  Location     Type
                  2  410[None  ] int 
 Registers used:
		wreg, fsr0l, fsr0h, status,2, status,0, pclath, cstack
 Tracked objects:
		On entry : 
		On exit  : 
		Unchanged: 
 Data sizes:     COMMON   BANK0   BANK1   BANK3   BANK2
      Params:         0       0       0       0       0
      Locals:         0       0       0       0       0
      Temps:          0       0       3       0       0
      Totals:         0       0       3       0       0
Total ram usage:        3 bytes
 Hardware stack levels required when called:    8
 This function calls:
		_Display_Alarm
		_Display_SetTime
		_Display_Time
		_Lcd_Init
		_Lcd_Set_Cursor
		_Lcd_Write_String
		_Read_FullTime
		_i2c_Init
 This function is called by:
		Startup code after reset
 This function uses a non-reentrant model


 *************** function _i2c_Init *****************
 Defined at:
		line 5 in file "i2c.c"
 Parameters:    Size  Location     Type
		None
 Auto vars:     Size  Location     Type
		None
 Return value:  Size  Location     Type
		None               void
 Registers used:
		wreg
 Tracked objects:
		On entry : 
		On exit  : 
		Unchanged: 
 Data sizes:     COMMON   BANK0   BANK1   BANK3   BANK2
      Params:         0       0       0       0       0
      Locals:         0       0       0       0       0
      Temps:          0       0       0       0       0
      Totals:         0       0       0       0       0
Total ram usage:        0 bytes
 Hardware stack levels used:    1
 Hardware stack levels required when called:    4
 This function calls:
		Nothing
 This function is called by:
		_main
 This function uses a non-reentrant model


 *************** function _Read_FullTime *****************
 Defined at:
		line 108 in file "main.c"
 Parameters:    Size  Location     Type
		None
 Auto vars:     Size  Location     Type
		None
 Return value:  Size  Location     Type
		None               void
 Registers used:
		wreg, status,2, status,0, pclath, cstack
 Tracked objects:
		On entry : 
		On exit  : 
		Unchanged: 
 Data sizes:     COMMON   BANK0   BANK1   BANK3   BANK2
      Params:         0       0       0       0       0
      Locals:         0       0       0       0       0
      Temps:          0       0       1       0       0
      Totals:         0       0       1       0       0
Total ram usage:        1 bytes
 Hardware stack levels used:    1
 Hardware stack levels required when called:    6
 This function calls:
		_DS1307_Read
 This function is called by:
		_main
 This function uses a non-reentrant model


 *************** function _DS1307_Read *****************
 Defined at:
		line 70 in file "i2c.c"
 Parameters:    Size  Location     Type
  add             1    wreg     unsigned char 
 Auto vars:     Size  Location     Type
  add             1    8[BANK1 ] unsigned char 
  data            1   10[BANK1 ] unsigned char 
  temp            1    9[BANK1 ] unsigned char 
 Return value:  Size  Location     Type
                  1    wreg      unsigned char 
 Registers used:
		wreg, status,2, status,0, pclath, cstack
 Tracked objects:
		On entry : 
		On exit  : 
		Unchanged: 
 Data sizes:     COMMON   BANK0   BANK1   BANK3   BANK2
      Params:         0       0       0       0       0
      Locals:         0       0       3       0       0
      Temps:          0       0       4       0       0
      Totals:         0       0       7       0       0
Total ram usage:        7 bytes
 Hardware stack levels used:    1
 Hardware stack levels required when called:    5
 This function calls:
		___bmul
		_i2c_Nack
		_i2c_Read
		_i2c_Restart
		_i2c_Start
		_i2c_Stop
		_i2c_Write
 This function is called by:
		_Read_FullTime
 This function uses a non-reentrant model


 *************** function _i2c_Write *****************
 Defined at:
		line 43 in file "i2c.c"
 Parameters:    Size  Location     Type
  data            1    wreg     unsigned char 
 Auto vars:     Size  Location     Type
  data            1    0[BANK1 ] unsigned char 
 Return value:  Size  Location     Type
		None               void
 Registers used:
		wreg
 Tracked objects:
		On entry : 
		On exit  : 
		Unchanged: 
 Data sizes:     COMMON   BANK0   BANK1   BANK3   BANK2
      Params:         0       0       0       0       0
      Locals:         0       0       1       0       0
      Temps:          0       0       0       0       0
      Totals:         0       0       1       0       0
Total ram usage:        1 bytes
 Hardware stack levels used:    1
 Hardware stack levels required when called:    4
 This function calls:
		Nothing
 This function is called by:
		_DS1307_Read
 This function uses a non-reentrant model


 *************** function _i2c_Stop *****************
 Defined at:
		line 23 in file "i2c.c"
 Parameters:    Size  Location     Type
		None
 Auto vars:     Size  Location     Type
		None
 Return value:  Size  Location     Type
		None               void
 Registers used:
		None
 Tracked objects:
		On entry : 
		On exit  : 
		Unchanged: 
 Data sizes:     COMMON   BANK0   BANK1   BANK3   BANK2
      Params:         0       0       0       0       0
      Locals:         0       0       0       0       0
      Temps:          0       0       0       0       0
      Totals:         0       0       0       0       0
Total ram usage:        0 bytes
 Hardware stack levels used:    1
 Hardware stack levels required when called:    4
 This function calls:
		Nothing
 This function is called by:
		_DS1307_Read
 This function uses a non-reentrant model


 *************** function _i2c_Start *****************
 Defined at:
		line 11 in file "i2c.c"
 Parameters:    Size  Location     Type
		None
 Auto vars:     Size  Location     Type
		None
 Return value:  Size  Location     Type
		None               void
 Registers used:
		None
 Tracked objects:
		On entry : 
		On exit  : 
		Unchanged: 
 Data sizes:     COMMON   BANK0   BANK1   BANK3   BANK2
      Params:         0       0       0       0       0
      Locals:         0       0       0       0       0
      Temps:          0       0       0       0       0
      Totals:         0       0       0       0       0
Total ram usage:        0 bytes
 Hardware stack levels used:    1
 Hardware stack levels required when called:    4
 This function calls:
		Nothing
 This function is called by:
		_DS1307_Read
 This function uses a non-reentrant model


 *************** function _i2c_Restart *****************
 Defined at:
		line 17 in file "i2c.c"
 Parameters:    Size  Location     Type
		None
 Auto vars:     Size  Location     Type
		None
 Return value:  Size  Location     Type
		None               void
 Registers used:
		None
 Tracked objects:
		On entry : 
		On exit  : 
		Unchanged: 
 Data sizes:     COMMON   BANK0   BANK1   BANK3   BANK2
      Params:         0       0       0       0       0
      Locals:         0       0       0       0       0
      Temps:          0       0       0       0       0
      Totals:         0       0       0       0       0
Total ram usage:        0 bytes
 Hardware stack levels used:    1
 Hardware stack levels required when called:    4
 This function calls:
		Nothing
 This function is called by:
		_DS1307_Read
 This function uses a non-reentrant model


 *************** function _i2c_Read *****************
 Defined at:
		line 49 in file "i2c.c"
 Parameters:    Size  Location     Type
		None
 Auto vars:     Size  Location     Type
		None
 Return value:  Size  Location     Type
                  1    wreg      unsigned char 
 Registers used:
		wreg
 Tracked objects:
		On entry : 
		On exit  : 
		Unchanged: 
 Data sizes:     COMMON   BANK0   BANK1   BANK3   BANK2
      Params:         0       0       0       0       0
      Locals:         0       0       0       0       0
      Temps:          0       0       0       0       0
      Totals:         0       0       0       0       0
Total ram usage:        0 bytes
 Hardware stack levels used:    1
 Hardware stack levels required when called:    4
 This function calls:
		Nothing
 This function is called by:
		_DS1307_Read
 This function uses a non-reentrant model


 *************** function _i2c_Nack *****************
 Defined at:
		line 36 in file "i2c.c"
 Parameters:    Size  Location     Type
		None
 Auto vars:     Size  Location     Type
		None
 Return value:  Size  Location     Type
		None               void
 Registers used:
		None
 Tracked objects:
		On entry : 
		On exit  : 
		Unchanged: 
 Data sizes:     COMMON   BANK0   BANK1   BANK3   BANK2
      Params:         0       0       0       0       0
      Locals:         0       0       0       0       0
      Temps:          0       0       0       0       0
      Totals:         0       0       0       0       0
Total ram usage:        0 bytes
 Hardware stack levels used:    1
 Hardware stack levels required when called:    4
 This function calls:
		Nothing
 This function is called by:
		_DS1307_Read
 This function uses a non-reentrant model


 *************** function ___bmul *****************
 Defined at:
		line 4 in file "C:\Program Files\Microchip\xc8\v1.35\sources\common\Umul8.c"
 Parameters:    Size  Location     Type
  multiplier      1    wreg     unsigned char 
  multiplicand    1    0[BANK1 ] unsigned char 
 Auto vars:     Size  Location     Type
  multiplier      1    3[BANK1 ] unsigned char 
  product         1    2[BANK1 ] unsigned char 
 Return value:  Size  Location     Type
                  1    wreg      unsigned char 
 Registers used:
		wreg, status,2, status,0
 Tracked objects:
		On entry : 
		On exit  : 
		Unchanged: 
 Data sizes:     COMMON   BANK0   BANK1   BANK3   BANK2
      Params:         0       0       1       0       0
      Locals:         0       0       2       0       0
      Temps:          0       0       1       0       0
      Totals:         0       0       4       0       0
Total ram usage:        4 bytes
 Hardware stack levels used:    1
 Hardware stack levels required when called:    4
 This function calls:
		Nothing
 This function is called by:
		_DS1307_Read
 This function uses a non-reentrant model


 *************** function _Lcd_Init *****************
 Defined at:
		line 70 in file "LCD.c"
 Parameters:    Size  Location     Type
		None
 Auto vars:     Size  Location     Type
		None
 Return value:  Size  Location     Type
		None               void
 Registers used:
		wreg, status,2, status,0, pclath, cstack
 Tracked objects:
		On entry : 
		On exit  : 
		Unchanged: 
 Data sizes:     COMMON   BANK0   BANK1   BANK3   BANK2
      Params:         0       0       0       0       0
      Locals:         0       0       0       0       0
      Temps:          0       0       2       0       0
      Totals:         0       0       2       0       0
Total ram usage:        2 bytes
 Hardware stack levels used:    1
 Hardware stack levels required when called:    6
 This function calls:
		_Lcd_Cmd
		_Lcd_Port
 This function is called by:
		_main
 This function uses a non-reentrant model


 *************** function _Display_Time *****************
 Defined at:
		line 297 in file "main.c"
 Parameters:    Size  Location     Type
		None
 Auto vars:     Size  Location     Type
		None
 Return value:  Size  Location     Type
		None               void
 Registers used:
		wreg, fsr0l, fsr0h, status,2, status,0, pclath, cstack
 Tracked objects:
		On entry : 
		On exit  : 
		Unchanged: 
 Data sizes:     COMMON   BANK0   BANK1   BANK3   BANK2
      Params:         0       0       0       0       0
      Locals:         0       0       0       0       0
      Temps:          0       0       2       0       0
      Totals:         0       0       2       0       0
Total ram usage:        2 bytes
 Hardware stack levels used:    1
 Hardware stack levels required when called:    7
 This function calls:
		_Display
		_Display_Hour
		_Lcd_Set_Cursor
		_Lcd_Write_Char
		_Lcd_Write_String
		___awmod
 This function is called by:
		_main
 This function uses a non-reentrant model


 *************** function _Display_SetTime *****************
 Defined at:
		line 365 in file "main.c"
 Parameters:    Size  Location     Type
		None
 Auto vars:     Size  Location     Type
		None
 Return value:  Size  Location     Type
		None               void
 Registers used:
		wreg, fsr0l, fsr0h, status,2, status,0, pclath, cstack
 Tracked objects:
		On entry : 
		On exit  : 
		Unchanged: 
 Data sizes:     COMMON   BANK0   BANK1   BANK3   BANK2
      Params:         0       0       0       0       0
      Locals:         0       0       0       0       0
      Temps:          0       0       2       0       0
      Totals:         0       0       2       0       0
Total ram usage:        2 bytes
 Hardware stack levels used:    1
 Hardware stack levels required when called:    7
 This function calls:
		_Display
		_Display_Hour
		_Lcd_Set_Cursor
		_Lcd_Write_Char
		_Lcd_Write_String
		___awmod
 This function is called by:
		_main
 This function uses a non-reentrant model


 *************** function _Display_Hour *****************
 Defined at:
		line 209 in file "main.c"
 Parameters:    Size  Location     Type
		None
 Auto vars:     Size  Location     Type
		None
 Return value:  Size  Location     Type
		None               void
 Registers used:
		wreg, status,2, status,0
 Tracked objects:
		On entry : 
		On exit  : 
		Unchanged: 
 Data sizes:     COMMON   BANK0   BANK1   BANK3   BANK2
      Params:         0       0       0       0       0
      Locals:         0       0       0       0       0
      Temps:          0       0       1       0       0
      Totals:         0       0       1       0       0
Total ram usage:        1 bytes
 Hardware stack levels used:    1
 Hardware stack levels required when called:    4
 This function calls:
		Nothing
 This function is called by:
		_Display_Time
		_Display_SetTime
 This function uses a non-reentrant model


 *************** function _Display_Alarm *****************
 Defined at:
		line 248 in file "main.c"
 Parameters:    Size  Location     Type
		None
 Auto vars:     Size  Location     Type
		None
 Return value:  Size  Location     Type
		None               void
 Registers used:
		wreg, fsr0l, fsr0h, status,2, status,0, pclath, cstack
 Tracked objects:
		On entry : 
		On exit  : 
		Unchanged: 
 Data sizes:     COMMON   BANK0   BANK1   BANK3   BANK2
      Params:         0       0       0       0       0
      Locals:         0       0       0       0       0
      Temps:          0       0       1       0       0
      Totals:         0       0       1       0       0
Total ram usage:        1 bytes
 Hardware stack levels used:    1
 Hardware stack levels required when called:    7
 This function calls:
		_Display
		_Display_HourAlarm
		_Lcd_Set_Cursor
		_Lcd_Write_Char
		_Lcd_Write_String
 This function is called by:
		_main
 This function uses a non-reentrant model


 *************** function _Lcd_Write_String *****************
 Defined at:
		line 105 in file "LCD.c"
 Parameters:    Size  Location     Type
  a               1    wreg     PTR unsigned char 
		 -> STR_61(17), STR_60(17), STR_59(6), STR_58(16), 
		 -> STR_57(8), STR_56(16), STR_55(7), STR_54(16), 
		 -> STR_53(4), STR_52(4), STR_51(4), STR_50(4), 
		 -> STR_49(4), STR_48(4), STR_47(4), STR_46(4), 
		 -> STR_45(4), STR_44(6), STR_43(16), STR_42(4), 
		 -> STR_41(4), STR_40(4), STR_39(6), STR_38(16), 
		 -> STR_37(7), STR_36(16), STR_35(17), STR_34(17), 
		 -> STR_33(17), STR_32(17), STR_31(17), STR_30(17), 
		 -> STR_29(4), STR_28(4), STR_27(4), STR_26(4), 
		 -> STR_25(4), STR_24(4), STR_23(4), STR_22(4), 
		 -> STR_21(4), STR_20(4), STR_19(4), STR_18(5), 
		 -> STR_17(5), STR_16(7), STR_15(3), STR_14(7), 
		 -> STR_13(4), STR_12(4), STR_11(4), STR_10(6), 
		 -> STR_9(17), STR_8(12), STR_7(4), STR_6(4), 
		 -> STR_5(4), STR_4(17), STR_3(4), STR_2(4), 
		 -> STR_1(4), 
 Auto vars:     Size  Location     Type
  a               1    7[BANK1 ] PTR unsigned char 
		 -> STR_61(17), STR_60(17), STR_59(6), STR_58(16), 
		 -> STR_57(8), STR_56(16), STR_55(7), STR_54(16), 
		 -> STR_53(4), STR_52(4), STR_51(4), STR_50(4), 
		 -> STR_49(4), STR_48(4), STR_47(4), STR_46(4), 
		 -> STR_45(4), STR_44(6), STR_43(16), STR_42(4), 
		 -> STR_41(4), STR_40(4), STR_39(6), STR_38(16), 
		 -> STR_37(7), STR_36(16), STR_35(17), STR_34(17), 
		 -> STR_33(17), STR_32(17), STR_31(17), STR_30(17), 
		 -> STR_29(4), STR_28(4), STR_27(4), STR_26(4), 
		 -> STR_25(4), STR_24(4), STR_23(4), STR_22(4), 
		 -> STR_21(4), STR_20(4), STR_19(4), STR_18(5), 
		 -> STR_17(5), STR_16(7), STR_15(3), STR_14(7), 
		 -> STR_13(4), STR_12(4), STR_11(4), STR_10(6), 
		 -> STR_9(17), STR_8(12), STR_7(4), STR_6(4), 
		 -> STR_5(4), STR_4(17), STR_3(4), STR_2(4), 
		 -> STR_1(4), 
  i               2    5[BANK1 ] int 
 Return value:  Size  Location     Type
		None               void
 Registers used:
		wreg, fsr0l, fsr0h, status,2, status,0, pclath, cstack
 Tracked objects:
		On entry : 
		On exit  : 
		Unchanged: 
 Data sizes:     COMMON   BANK0   BANK1   BANK3   BANK2
      Params:         0       0       0       0       0
      Locals:         0       0       3       0       0
      Temps:          0       0       0       0       0
      Totals:         0       0       3       0       0
Total ram usage:        3 bytes
 Hardware stack levels used:    1
 Hardware stack levels required when called:    6
 This function calls:
		_Lcd_Write_Char
 This function is called by:
		_Display_Alarm
		_Display_Time
		_Display_SetTime
		_main
		_Display_AM_PM
 This function uses a non-reentrant model


 *************** function _Lcd_Set_Cursor *****************
 Defined at:
		line 49 in file "LCD.c"
 Parameters:    Size  Location     Type
  a               1    wreg     unsigned char 
  b               1    3[BANK1 ] unsigned char 
 Auto vars:     Size  Location     Type
  a               1    6[BANK1 ] unsigned char 
  temp            1    9[BANK1 ] unsigned char 
  y               1    8[BANK1 ] unsigned char 
  z               1    7[BANK1 ] unsigned char 
 Return value:  Size  Location     Type
		None               void
 Registers used:
		wreg, status,2, status,0, pclath, cstack
 Tracked objects:
		On entry : 
		On exit  : 
		Unchanged: 
 Data sizes:     COMMON   BANK0   BANK1   BANK3   BANK2
      Params:         0       0       1       0       0
      Locals:         0       0       4       0       0
      Temps:          0       0       2       0       0
      Totals:         0       0       7       0       0
Total ram usage:        7 bytes
 Hardware stack levels used:    1
 Hardware stack levels required when called:    6
 This function calls:
		_Lcd_Cmd
 This function is called by:
		_Display_Alarm
		_Display_Time
		_Display_SetTime
		_main
 This function uses a non-reentrant model


 *************** function _Lcd_Cmd *****************
 Defined at:
		line 34 in file "LCD.c"
 Parameters:    Size  Location     Type
  a               1    wreg     unsigned char 
 Auto vars:     Size  Location     Type
  a               1    2[BANK1 ] unsigned char 
 Return value:  Size  Location     Type
		None               void
 Registers used:
		wreg, status,2, status,0, pclath, cstack
 Tracked objects:
		On entry : 
		On exit  : 
		Unchanged: 
 Data sizes:     COMMON   BANK0   BANK1   BANK3   BANK2
      Params:         0       0       0       0       0
      Locals:         0       0       1       0       0
      Temps:          0       0       1       0       0
      Totals:         0       0       2       0       0
Total ram usage:        2 bytes
 Hardware stack levels used:    1
 Hardware stack levels required when called:    5
 This function calls:
		_Lcd_Port
 This function is called by:
		_Lcd_Set_Cursor
		_Lcd_Init
		_Lcd_Clear
		_Lcd_Shift_Right
		_Lcd_Shift_Left
 This function uses a non-reentrant model


 *************** function _Display_HourAlarm *****************
 Defined at:
		line 215 in file "main.c"
 Parameters:    Size  Location     Type
		None
 Auto vars:     Size  Location     Type
		None
 Return value:  Size  Location     Type
		None               void
 Registers used:
		wreg, status,2, status,0
 Tracked objects:
		On entry : 
		On exit  : 
		Unchanged: 
 Data sizes:     COMMON   BANK0   BANK1   BANK3   BANK2
      Params:         0       0       0       0       0
      Locals:         0       0       0       0       0
      Temps:          0       0       1       0       0
      Totals:         0       0       1       0       0
Total ram usage:        1 bytes
 Hardware stack levels used:    1
 Hardware stack levels required when called:    4
 This function calls:
		Nothing
 This function is called by:
		_Display_Alarm
 This function uses a non-reentrant model


 *************** function _Display *****************
 Defined at:
		line 204 in file "main.c"
 Parameters:    Size  Location     Type
  One             1    wreg     unsigned char 
 Auto vars:     Size  Location     Type
  One             1   11[BANK1 ] unsigned char 
 Return value:  Size  Location     Type
		None               void
 Registers used:
		wreg, status,2, status,0, pclath, cstack
 Tracked objects:
		On entry : 
		On exit  : 
		Unchanged: 
 Data sizes:     COMMON   BANK0   BANK1   BANK3   BANK2
      Params:         0       0       0       0       0
      Locals:         0       0       1       0       0
      Temps:          0       0       2       0       0
      Totals:         0       0       3       0       0
Total ram usage:        3 bytes
 Hardware stack levels used:    1
 Hardware stack levels required when called:    6
 This function calls:
		_Lcd_Write_Char
		___awdiv
		___awmod
 This function is called by:
		_Display_Alarm
		_Display_Time
		_Display_SetTime
 This function uses a non-reentrant model


 *************** function ___awmod *****************
 Defined at:
		line 6 in file "C:\Program Files\Microchip\xc8\v1.35\sources\common\awmod.c"
 Parameters:    Size  Location     Type
  divisor         2    0[BANK1 ] int 
  dividend        2    2[BANK1 ] int 
 Auto vars:     Size  Location     Type
  sign            1    6[BANK1 ] unsigned char 
  counter         1    5[BANK1 ] unsigned char 
 Return value:  Size  Location     Type
                  2    0[BANK1 ] int 
 Registers used:
		wreg, status,2, status,0
 Tracked objects:
		On entry : 
		On exit  : 
		Unchanged: 
 Data sizes:     COMMON   BANK0   BANK1   BANK3   BANK2
      Params:         0       0       4       0       0
      Locals:         0       0       2       0       0
      Temps:          0       0       1       0       0
      Totals:         0       0       7       0       0
Total ram usage:        7 bytes
 Hardware stack levels used:    1
 Hardware stack levels required when called:    4
 This function calls:
		Nothing
 This function is called by:
		_Display
		_Display_Time
		_Display_SetTime
 This function uses a non-reentrant model


 *************** function ___awdiv *****************
 Defined at:
		line 6 in file "C:\Program Files\Microchip\xc8\v1.35\sources\common\awdiv.c"
 Parameters:    Size  Location     Type
  divisor         2    0[BANK1 ] int 
  dividend        2    2[BANK1 ] int 
 Auto vars:     Size  Location     Type
  quotient        2    7[BANK1 ] int 
  sign            1    6[BANK1 ] unsigned char 
  counter         1    5[BANK1 ] unsigned char 
 Return value:  Size  Location     Type
                  2    0[BANK1 ] int 
 Registers used:
		wreg, status,2, status,0
 Tracked objects:
		On entry : 
		On exit  : 
		Unchanged: 
 Data sizes:     COMMON   BANK0   BANK1   BANK3   BANK2
      Params:         0       0       4       0       0
      Locals:         0       0       4       0       0
      Temps:          0       0       1       0       0
      Totals:         0       0       9       0       0
Total ram usage:        9 bytes
 Hardware stack levels used:    1
 Hardware stack levels required when called:    4
 This function calls:
		Nothing
 This function is called by:
		_Display
 This function uses a non-reentrant model


 *************** function _Lcd_Write_Char *****************
 Defined at:
		line 89 in file "LCD.c"
 Parameters:    Size  Location     Type
  a               1    wreg     unsigned char 
 Auto vars:     Size  Location     Type
  a               1    4[BANK1 ] unsigned char 
  y               1    3[BANK1 ] unsigned char 
  temp            1    2[BANK1 ] unsigned char 
 Return value:  Size  Location     Type
		None               void
 Registers used:
		wreg, status,2, status,0, pclath, cstack
 Tracked objects:
		On entry : 
		On exit  : 
		Unchanged: 
 Data sizes:     COMMON   BANK0   BANK1   BANK3   BANK2
      Params:         0       0       0       0       0
      Locals:         0       0       3       0       0
      Temps:          0       0       1       0       0
      Totals:         0       0       4       0       0
Total ram usage:        4 bytes
 Hardware stack levels used:    1
 Hardware stack levels required when called:    5
 This function calls:
		_Lcd_Port
 This function is called by:
		_Display
		_Display_Alarm
		_Display_Time
		_Display_SetTime
		_Lcd_Write_String
 This function uses a non-reentrant model


 *************** function _Lcd_Port *****************
 Defined at:
		line 12 in file "LCD.c"
 Parameters:    Size  Location     Type
  a               1    wreg     unsigned char 
 Auto vars:     Size  Location     Type
  a               1    0[BANK1 ] unsigned char 
 Return value:  Size  Location     Type
		None               void
 Registers used:
		wreg
 Tracked objects:
		On entry : 
		On exit  : 
		Unchanged: 
 Data sizes:     COMMON   BANK0   BANK1   BANK3   BANK2
      Params:         0       0       0       0       0
      Locals:         0       0       1       0       0
      Temps:          0       0       0       0       0
      Totals:         0       0       1       0       0
Total ram usage:        1 bytes
 Hardware stack levels used:    1
 Hardware stack levels required when called:    4
 This function calls:
		Nothing
 This function is called by:
		_Lcd_Cmd
		_Lcd_Init
		_Lcd_Write_Char
 This function uses a non-reentrant model


 *************** function _ISR *****************
 Defined at:
		line 471 in file "main.c"
 Parameters:    Size  Location     Type
		None
 Auto vars:     Size  Location     Type
		None
 Return value:  Size  Location     Type
		None               void
 Registers used:
		wreg, fsr0l, fsr0h, status,2, status,0, btemp+1, pclath, cstack
 Tracked objects:
		On entry : 
		On exit  : 
		Unchanged: 
 Data sizes:     COMMON   BANK0   BANK1   BANK3   BANK2
      Params:         0       0       0       0       0
      Locals:         0       0       0       0       0
      Temps:          0       5       0       0       0
      Totals:         0       5       0       0       0
Total ram usage:        5 bytes
 Hardware stack levels used:    1
 Hardware stack levels required when called:    3
 This function calls:
		_Change_Mode12h
		_DS1307_Write
		_Fix_Alarm
		_Read_Tem
		_Read_Time
		_Write_Hour
		_Write_Min
		_Write_Time
		i1_Read_FullTime
 This function is called by:
		Interrupt level 1
 This function uses a non-reentrant model


 *************** function i1_Read_FullTime *****************
 Defined at:
		line 108 in file "main.c"
 Parameters:    Size  Location     Type
		None
 Auto vars:     Size  Location     Type
		None
 Return value:  Size  Location     Type
		None               void
 Registers used:
		wreg, status,2, status,0, pclath, cstack
 Tracked objects:
		On entry : 
		On exit  : 
		Unchanged: 
 Data sizes:     COMMON   BANK0   BANK1   BANK3   BANK2
      Params:         0       0       0       0       0
      Locals:         0       0       0       0       0
      Temps:          1       0       0       0       0
      Totals:         1       0       0       0       0
Total ram usage:        1 bytes
 Hardware stack levels used:    1
 Hardware stack levels required when called:    2
 This function calls:
		i1_DS1307_Read
 This function is called by:
		_ISR
 This function uses a non-reentrant model


 *************** function _Write_Time *****************
 Defined at:
		line 167 in file "main.c"
 Parameters:    Size  Location     Type
		None
 Auto vars:     Size  Location     Type
		None
 Return value:  Size  Location     Type
		None               void
 Registers used:
		wreg, fsr0l, fsr0h, status,2, status,0, pclath, cstack
 Tracked objects:
		On entry : 
		On exit  : 
		Unchanged: 
 Data sizes:     COMMON   BANK0   BANK1   BANK3   BANK2
      Params:         0       0       0       0       0
      Locals:         0       0       0       0       0
      Temps:          1       0       0       0       0
      Totals:         1       0       0       0       0
Total ram usage:        1 bytes
 Hardware stack levels used:    1
 Hardware stack levels required when called:    2
 This function calls:
		_DS1307_Write
		_Fix_Time
 This function is called by:
		_ISR
 This function uses a non-reentrant model


 *************** function _Fix_Time *****************
 Defined at:
		line 50 in file "main.c"
 Parameters:    Size  Location     Type
		None
 Auto vars:     Size  Location     Type
		None
 Return value:  Size  Location     Type
		None               void
 Registers used:
		wreg, fsr0l, fsr0h, status,2, status,0
 Tracked objects:
		On entry : 
		On exit  : 
		Unchanged: 
 Data sizes:     COMMON   BANK0   BANK1   BANK3   BANK2
      Params:         0       0       0       0       0
      Locals:         0       0       0       0       0
      Temps:          1       0       0       0       0
      Totals:         1       0       0       0       0
Total ram usage:        1 bytes
 Hardware stack levels used:    1
 This function calls:
		Nothing
 This function is called by:
		_Write_Time
 This function uses a non-reentrant model


 *************** function _Write_Min *****************
 Defined at:
		line 138 in file "main.c"
 Parameters:    Size  Location     Type
		None
 Auto vars:     Size  Location     Type
		None
 Return value:  Size  Location     Type
		None               void
 Registers used:
		wreg, status,2, status,0, pclath, cstack
 Tracked objects:
		On entry : 
		On exit  : 
		Unchanged: 
 Data sizes:     COMMON   BANK0   BANK1   BANK3   BANK2
      Params:         0       0       0       0       0
      Locals:         0       0       0       0       0
      Temps:          1       0       0       0       0
      Totals:         1       0       0       0       0
Total ram usage:        1 bytes
 Hardware stack levels used:    1
 Hardware stack levels required when called:    2
 This function calls:
		_DS1307_Write
 This function is called by:
		_ISR
 This function uses a non-reentrant model


 *************** function _Write_Hour *****************
 Defined at:
		line 148 in file "main.c"
 Parameters:    Size  Location     Type
		None
 Auto vars:     Size  Location     Type
		None
 Return value:  Size  Location     Type
		None               void
 Registers used:
		wreg, status,2, status,0, pclath, cstack
 Tracked objects:
		On entry : 
		On exit  : 
		Unchanged: 
 Data sizes:     COMMON   BANK0   BANK1   BANK3   BANK2
      Params:         0       0       0       0       0
      Locals:         0       0       0       0       0
      Temps:          1       0       0       0       0
      Totals:         1       0       0       0       0
Total ram usage:        1 bytes
 Hardware stack levels used:    1
 Hardware stack levels required when called:    2
 This function calls:
		_DS1307_Write
 This function is called by:
		_ISR
 This function uses a non-reentrant model


 *************** function _DS1307_Write *****************
 Defined at:
		line 60 in file "i2c.c"
 Parameters:    Size  Location     Type
  add             1    wreg     unsigned char 
  dat             1    9[COMMON] unsigned char 
 Auto vars:     Size  Location     Type
  add             1   10[COMMON] unsigned char 
  tmp             1   11[COMMON] unsigned char 
 Return value:  Size  Location     Type
		None               void
 Registers used:
		wreg, status,2, status,0, pclath, cstack
 Tracked objects:
		On entry : 
		On exit  : 
		Unchanged: 
 Data sizes:     COMMON   BANK0   BANK1   BANK3   BANK2
      Params:         1       0       0       0       0
      Locals:         2       0       0       0       0
      Temps:          0       8       0       0       0
      Totals:         3       8       0       0       0
Total ram usage:       11 bytes
 Hardware stack levels used:    1
 Hardware stack levels required when called:    1
 This function calls:
		i1___awdiv
		i1___awmod
		i1_i2c_Start
		i1_i2c_Stop
		i1_i2c_Write
 This function is called by:
		_Write_Min
		_Write_Hour
		_Write_Time
		_ISR
 This function uses a non-reentrant model


 *************** function i1___awmod *****************
 Defined at:
		line 6 in file "C:\Program Files\Microchip\xc8\v1.35\sources\common\awmod.c"
 Parameters:    Size  Location     Type
  divisor         2    0[COMMON] int 
  dividend        2    2[COMMON] int 
 Auto vars:     Size  Location     Type
  __awmod         1    6[COMMON] unsigned char 
  __awmod         1    5[COMMON] unsigned char 
 Return value:  Size  Location     Type
                  2    0[COMMON] int 
 Registers used:
		wreg, status,2, status,0
 Tracked objects:
		On entry : 
		On exit  : 
		Unchanged: 
 Data sizes:     COMMON   BANK0   BANK1   BANK3   BANK2
      Params:         4       0       0       0       0
      Locals:         2       0       0       0       0
      Temps:          1       0       0       0       0
      Totals:         7       0       0       0       0
Total ram usage:        7 bytes
 Hardware stack levels used:    1
 This function calls:
		Nothing
 This function is called by:
		_DS1307_Write
 This function uses a non-reentrant model


 *************** function i1___awdiv *****************
 Defined at:
		line 6 in file "C:\Program Files\Microchip\xc8\v1.35\sources\common\awdiv.c"
 Parameters:    Size  Location     Type
  divisor         2    0[COMMON] int 
  dividend        2    2[COMMON] int 
 Auto vars:     Size  Location     Type
  __awdiv         2    7[COMMON] int 
  __awdiv         1    6[COMMON] unsigned char 
  __awdiv         1    5[COMMON] unsigned char 
 Return value:  Size  Location     Type
                  2    0[COMMON] int 
 Registers used:
		wreg, status,2, status,0
 Tracked objects:
		On entry : 
		On exit  : 
		Unchanged: 
 Data sizes:     COMMON   BANK0   BANK1   BANK3   BANK2
      Params:         4       0       0       0       0
      Locals:         4       0       0       0       0
      Temps:          1       0       0       0       0
      Totals:         9       0       0       0       0
Total ram usage:        9 bytes
 Hardware stack levels used:    1
 This function calls:
		Nothing
 This function is called by:
		_DS1307_Write
 This function uses a non-reentrant model


 *************** function _Read_Time *****************
 Defined at:
		line 118 in file "main.c"
 Parameters:    Size  Location     Type
		None
 Auto vars:     Size  Location     Type
		None
 Return value:  Size  Location     Type
		None               void
 Registers used:
		wreg, status,2, status,0, pclath, cstack
 Tracked objects:
		On entry : 
		On exit  : 
		Unchanged: 
 Data sizes:     COMMON   BANK0   BANK1   BANK3   BANK2
      Params:         0       0       0       0       0
      Locals:         0       0       0       0       0
      Temps:          1       0       0       0       0
      Totals:         1       0       0       0       0
Total ram usage:        1 bytes
 Hardware stack levels used:    1
 Hardware stack levels required when called:    2
 This function calls:
		i1_DS1307_Read
 This function is called by:
		_ISR
 This function uses a non-reentrant model


 *************** function i1_DS1307_Read *****************
 Defined at:
		line 70 in file "i2c.c"
 Parameters:    Size  Location     Type
  add             1    wreg     unsigned char 
 Auto vars:     Size  Location     Type
  add             1    8[COMMON] unsigned char 
  DS1307_Read     1   10[COMMON] unsigned char 
  DS1307_Read     1    9[COMMON] unsigned char 
 Return value:  Size  Location     Type
                  1    wreg      unsigned char 
 Registers used:
		wreg, status,2, status,0, pclath, cstack
 Tracked objects:
		On entry : 
		On exit  : 
		Unchanged: 
 Data sizes:     COMMON   BANK0   BANK1   BANK3   BANK2
      Params:         0       0       0       0       0
      Locals:         3       0       0       0       0
      Temps:          4       0       0       0       0
      Totals:         7       0       0       0       0
Total ram usage:        7 bytes
 Hardware stack levels used:    1
 Hardware stack levels required when called:    1
 This function calls:
		i1___bmul
		i1_i2c_Nack
		i1_i2c_Read
		i1_i2c_Restart
		i1_i2c_Start
		i1_i2c_Stop
		i1_i2c_Write
 This function is called by:
		_Read_Time
		i1_Read_FullTime
 This function uses a non-reentrant model


 *************** function i1_i2c_Write *****************
 Defined at:
		line 43 in file "i2c.c"
 Parameters:    Size  Location     Type
  data            1    wreg     unsigned char 
 Auto vars:     Size  Location     Type
  data            1    0[COMMON] unsigned char 
 Return value:  Size  Location     Type
		None               void
 Registers used:
		wreg
 Tracked objects:
		On entry : 
		On exit  : 
		Unchanged: 
 Data sizes:     COMMON   BANK0   BANK1   BANK3   BANK2
      Params:         0       0       0       0       0
      Locals:         1       0       0       0       0
      Temps:          0       0       0       0       0
      Totals:         1       0       0       0       0
Total ram usage:        1 bytes
 Hardware stack levels used:    1
 This function calls:
		Nothing
 This function is called by:
		_DS1307_Write
		i1_DS1307_Read
 This function uses a non-reentrant model


 *************** function i1_i2c_Stop *****************
 Defined at:
		line 23 in file "i2c.c"
 Parameters:    Size  Location     Type
		None
 Auto vars:     Size  Location     Type
		None
 Return value:  Size  Location     Type
		None               void
 Registers used:
		None
 Tracked objects:
		On entry : 
		On exit  : 
		Unchanged: 
 Data sizes:     COMMON   BANK0   BANK1   BANK3   BANK2
      Params:         0       0       0       0       0
      Locals:         0       0       0       0       0
      Temps:          0       0       0       0       0
      Totals:         0       0       0       0       0
Total ram usage:        0 bytes
 Hardware stack levels used:    1
 This function calls:
		Nothing
 This function is called by:
		_DS1307_Write
		i1_DS1307_Read
 This function uses a non-reentrant model


 *************** function i1_i2c_Start *****************
 Defined at:
		line 11 in file "i2c.c"
 Parameters:    Size  Location     Type
		None
 Auto vars:     Size  Location     Type
		None
 Return value:  Size  Location     Type
		None               void
 Registers used:
		None
 Tracked objects:
		On entry : 
		On exit  : 
		Unchanged: 
 Data sizes:     COMMON   BANK0   BANK1   BANK3   BANK2
      Params:         0       0       0       0       0
      Locals:         0       0       0       0       0
      Temps:          0       0       0       0       0
      Totals:         0       0       0       0       0
Total ram usage:        0 bytes
 Hardware stack levels used:    1
 This function calls:
		Nothing
 This function is called by:
		_DS1307_Write
		i1_DS1307_Read
 This function uses a non-reentrant model


 *************** function i1_i2c_Restart *****************
 Defined at:
		line 17 in file "i2c.c"
 Parameters:    Size  Location     Type
		None
 Auto vars:     Size  Location     Type
		None
 Return value:  Size  Location     Type
		None               void
 Registers used:
		None
 Tracked objects:
		On entry : 
		On exit  : 
		Unchanged: 
 Data sizes:     COMMON   BANK0   BANK1   BANK3   BANK2
      Params:         0       0       0       0       0
      Locals:         0       0       0       0       0
      Temps:          0       0       0       0       0
      Totals:         0       0       0       0       0
Total ram usage:        0 bytes
 Hardware stack levels used:    1
 This function calls:
		Nothing
 This function is called by:
		i1_DS1307_Read
 This function uses a non-reentrant model


 *************** function i1_i2c_Read *****************
 Defined at:
		line 49 in file "i2c.c"
 Parameters:    Size  Location     Type
		None
 Auto vars:     Size  Location     Type
		None
 Return value:  Size  Location     Type
                  1    wreg      unsigned char 
 Registers used:
		wreg
 Tracked objects:
		On entry : 
		On exit  : 
		Unchanged: 
 Data sizes:     COMMON   BANK0   BANK1   BANK3   BANK2
      Params:         0       0       0       0       0
      Locals:         0       0       0       0       0
      Temps:          0       0       0       0       0
      Totals:         0       0       0       0       0
Total ram usage:        0 bytes
 Hardware stack levels used:    1
 This function calls:
		Nothing
 This function is called by:
		i1_DS1307_Read
 This function uses a non-reentrant model


 *************** function i1_i2c_Nack *****************
 Defined at:
		line 36 in file "i2c.c"
 Parameters:    Size  Location     Type
		None
 Auto vars:     Size  Location     Type
		None
 Return value:  Size  Location     Type
		None               void
 Registers used:
		None
 Tracked objects:
		On entry : 
		On exit  : 
		Unchanged: 
 Data sizes:     COMMON   BANK0   BANK1   BANK3   BANK2
      Params:         0       0       0       0       0
      Locals:         0       0       0       0       0
      Temps:          0       0       0       0       0
      Totals:         0       0       0       0       0
Total ram usage:        0 bytes
 Hardware stack levels used:    1
 This function calls:
		Nothing
 This function is called by:
		i1_DS1307_Read
 This function uses a non-reentrant model


 *************** function i1___bmul *****************
 Defined at:
		line 4 in file "C:\Program Files\Microchip\xc8\v1.35\sources\common\Umul8.c"
 Parameters:    Size  Location     Type
  multiplier      1    wreg     unsigned char 
  multiplicand    1    0[COMMON] unsigned char 
 Auto vars:     Size  Location     Type
  multiplier      1    3[COMMON] unsigned char 
  __bmul          1    2[COMMON] unsigned char 
 Return value:  Size  Location     Type
                  1    wreg      unsigned char 
 Registers used:
		wreg, status,2, status,0
 Tracked objects:
		On entry : 
		On exit  : 
		Unchanged: 
 Data sizes:     COMMON   BANK0   BANK1   BANK3   BANK2
      Params:         1       0       0       0       0
      Locals:         2       0       0       0       0
      Temps:          1       0       0       0       0
      Totals:         4       0       0       0       0
Total ram usage:        4 bytes
 Hardware stack levels used:    1
 This function calls:
		Nothing
 This function is called by:
		i1_DS1307_Read
 This function uses a non-reentrant model


 *************** function _Read_Tem *****************
 Defined at:
		line 130 in file "main.c"
 Parameters:    Size  Location     Type
		None
 Auto vars:     Size  Location     Type
		None
 Return value:  Size  Location     Type
		None               void
 Registers used:
		wreg, status,2, status,0, btemp+1, pclath, cstack
 Tracked objects:
		On entry : 
		On exit  : 
		Unchanged: 
 Data sizes:     COMMON   BANK0   BANK1   BANK3   BANK2
      Params:         0       0       0       0       0
      Locals:         0       0       0       0       0
      Temps:          0       4       0       0       0
      Totals:         0       4       0       0       0
Total ram usage:        4 bytes
 Hardware stack levels used:    1
 Hardware stack levels required when called:    2
 This function calls:
		___awtoft
		___ftdiv
		___ftmul
		___fttol
 This function is called by:
		_ISR
 This function uses a non-reentrant model


 *************** function ___fttol *****************
 Defined at:
		line 44 in file "C:\Program Files\Microchip\xc8\v1.35\sources\common\fttol.c"
 Parameters:    Size  Location     Type
  f1              3   26[BANK0 ] float 
 Auto vars:     Size  Location     Type
  lval            4   35[BANK0 ] unsigned long 
  exp1            1   39[BANK0 ] unsigned char 
  sign1           1   34[BANK0 ] unsigned char 
 Return value:  Size  Location     Type
                  4   26[BANK0 ] long 
 Registers used:
		wreg, status,2, status,0
 Tracked objects:
		On entry : 
		On exit  : 
		Unchanged: 
 Data sizes:     COMMON   BANK0   BANK1   BANK3   BANK2
      Params:         0       4       0       0       0
      Locals:         0       6       0       0       0
      Temps:          0       4       0       0       0
      Totals:         0      14       0       0       0
Total ram usage:       14 bytes
 Hardware stack levels used:    1
 This function calls:
		Nothing
 This function is called by:
		_Read_Tem
 This function uses a non-reentrant model


 *************** function ___ftmul *****************
 Defined at:
		line 62 in file "C:\Program Files\Microchip\xc8\v1.35\sources\common\ftmul.c"
 Parameters:    Size  Location     Type
  f1              3    8[COMMON] float 
  f2              3   11[COMMON] float 
 Auto vars:     Size  Location     Type
  f3_as_produc    3    5[BANK0 ] unsigned um
  sign            1    9[BANK0 ] unsigned char 
  cntr            1    8[BANK0 ] unsigned char 
  exp             1    4[BANK0 ] unsigned char 
 Return value:  Size  Location     Type
                  3    8[COMMON] float 
 Registers used:
		wreg, status,2, status,0, pclath, cstack
 Tracked objects:
		On entry : 
		On exit  : 
		Unchanged: 
 Data sizes:     COMMON   BANK0   BANK1   BANK3   BANK2
      Params:         6       0       0       0       0
      Locals:         0       6       0       0       0
      Temps:          0       4       0       0       0
      Totals:         6      10       0       0       0
Total ram usage:       16 bytes
 Hardware stack levels used:    1
 Hardware stack levels required when called:    1
 This function calls:
		___ftpack
 This function is called by:
		_Read_Tem
 This function uses a non-reentrant model


 *************** function ___ftdiv *****************
 Defined at:
		line 56 in file "C:\Program Files\Microchip\xc8\v1.35\sources\common\ftdiv.c"
 Parameters:    Size  Location     Type
  f2              3   10[BANK0 ] float 
  f1              3   13[BANK0 ] float 
 Auto vars:     Size  Location     Type
  f3              3   21[BANK0 ] float 
  sign            1   25[BANK0 ] unsigned char 
  exp             1   24[BANK0 ] unsigned char 
  cntr            1   20[BANK0 ] unsigned char 
 Return value:  Size  Location     Type
                  3   10[BANK0 ] float 
 Registers used:
		wreg, status,2, status,0, pclath, cstack
 Tracked objects:
		On entry : 
		On exit  : 
		Unchanged: 
 Data sizes:     COMMON   BANK0   BANK1   BANK3   BANK2
      Params:         0       6       0       0       0
      Locals:         0       6       0       0       0
      Temps:          0       4       0       0       0
      Totals:         0      16       0       0       0
Total ram usage:       16 bytes
 Hardware stack levels used:    1
 Hardware stack levels required when called:    1
 This function calls:
		___ftpack
 This function is called by:
		_Read_Tem
 This function uses a non-reentrant model


 *************** function ___awtoft *****************
 Defined at:
		line 32 in file "C:\Program Files\Microchip\xc8\v1.35\sources\common\awtoft.c"
 Parameters:    Size  Location     Type
  c               2    8[COMMON] int 
 Auto vars:     Size  Location     Type
  sign            1   13[COMMON] unsigned char 
 Return value:  Size  Location     Type
                  3    8[COMMON] float 
 Registers used:
		wreg, status,2, status,0, pclath, cstack
 Tracked objects:
		On entry : 
		On exit  : 
		Unchanged: 
 Data sizes:     COMMON   BANK0   BANK1   BANK3   BANK2
      Params:         3       0       0       0       0
      Locals:         1       0       0       0       0
      Temps:          2       0       0       0       0
      Totals:         6       0       0       0       0
Total ram usage:        6 bytes
 Hardware stack levels used:    1
 Hardware stack levels required when called:    1
 This function calls:
		___ftpack
 This function is called by:
		_Read_Tem
 This function uses a non-reentrant model


 *************** function ___ftpack *****************
 Defined at:
		line 62 in file "C:\Program Files\Microchip\xc8\v1.35\sources\common\float.c"
 Parameters:    Size  Location     Type
  arg             3    0[COMMON] unsigned um
  exp             1    3[COMMON] unsigned char 
  sign            1    4[COMMON] unsigned char 
 Auto vars:     Size  Location     Type
		None
 Return value:  Size  Location     Type
                  3    0[COMMON] float 
 Registers used:
		wreg, status,2, status,0
 Tracked objects:
		On entry : 
		On exit  : 
		Unchanged: 
 Data sizes:     COMMON   BANK0   BANK1   BANK3   BANK2
      Params:         5       0       0       0       0
      Locals:         0       0       0       0       0
      Temps:          3       0       0       0       0
      Totals:         8       0       0       0       0
Total ram usage:        8 bytes
 Hardware stack levels used:    1
 This function calls:
		Nothing
 This function is called by:
		___awtoft
		___ftdiv
		___ftmul
 This function uses a non-reentrant model


 *************** function _Fix_Alarm *****************
 Defined at:
		line 88 in file "main.c"
 Parameters:    Size  Location     Type
		None
 Auto vars:     Size  Location     Type
		None
 Return value:  Size  Location     Type
		None               void
 Registers used:
		wreg, status,2, status,0
 Tracked objects:
		On entry : 
		On exit  : 
		Unchanged: 
 Data sizes:     COMMON   BANK0   BANK1   BANK3   BANK2
      Params:         0       0       0       0       0
      Locals:         0       0       0       0       0
      Temps:          1       0       0       0       0
      Totals:         1       0       0       0       0
Total ram usage:        1 bytes
 Hardware stack levels used:    1
 This function calls:
		Nothing
 This function is called by:
		_ISR
 This function uses a non-reentrant model


 *************** function _Change_Mode12h *****************
 Defined at:
		line 175 in file "main.c"
 Parameters:    Size  Location     Type
		None
 Auto vars:     Size  Location     Type
		None
 Return value:  Size  Location     Type
		None               void
 Registers used:
		wreg, status,2, status,0
 Tracked objects:
		On entry : 
		On exit  : 
		Unchanged: 
 Data sizes:     COMMON   BANK0   BANK1   BANK3   BANK2
      Params:         0       0       0       0       0
      Locals:         0       0       0       0       0
      Temps:          1       0       0       0       0
      Totals:         1       0       0       0       0
Total ram usage:        1 bytes
 Hardware stack levels used:    1
 This function calls:
		Nothing
 This function is called by:
		_ISR
 This function uses a non-reentrant model



MODULE INFORMATION

Module		Function		Class		Link	Load	Size
C:\Program Files\Microchip\xc8\v1.35\sources\common\float.c
		___ftpack      		CODE           	0B10	0000	109

C:\Program Files\Microchip\xc8\v1.35\sources\common\float.c estimated size: 109

C:\Program Files\Microchip\xc8\v1.35\sources\common\awmod.c
		___awmod       		CODE           	08B5	0000	78

C:\Program Files\Microchip\xc8\v1.35\sources\common\awmod.c estimated size: 78

i2c.c
		_i2c_Write     		CODE           	15A1	0000	12
		_i2c_Stop      		CODE           	156C	0000	9
		_i2c_Read      		CODE           	1598	0000	10
		_i2c_Init      		CODE           	0800	0000	11
		_i2c_Nack      		CODE           	158F	0000	10
		_i2c_Start     		CODE           	1564	0000	9
		_DS1307_Read   		CODE           	0954	0000	83
		_DS1307_Write  		CODE           	09A6	0000	85
		_i2c_Restart   		CODE           	155C	0000	9

i2c.c estimated size: 238

C:\Program Files\Microchip\xc8\v1.35\sources\common\ftmul.c
		___ftmul       		CODE           	0F2F	0000	210

C:\Program Files\Microchip\xc8\v1.35\sources\common\ftmul.c estimated size: 210

C:\Program Files\Microchip\xc8\v1.35\sources\common\ftdiv.c
		___ftdiv       		CODE           	0E77	0000	185

C:\Program Files\Microchip\xc8\v1.35\sources\common\ftdiv.c estimated size: 185

C:\Program Files\Microchip\xc8\v1.35\sources\common\awdiv.c
		___awdiv       		CODE           	07A3	0000	92

C:\Program Files\Microchip\xc8\v1.35\sources\common\awdiv.c estimated size: 92

shared
		i1_i2c_Write   		CODE           	1586	0000	10
		__stringtab    		STRING         	0505	0000	7
		i1_i2c_Stop    		CODE           	1554	0000	9
		i1_i2c_Start   		CODE           	154C	0000	9
		i1___awdiv     		CODE           	09FA	0000	90
		__initialization		CODE           	0015	0000	19
		i1___awmod     		CODE           	17B5	0000	76
		i1_i2c_Read    		CODE           	157D	0000	10
		i1_i2c_Restart 		CODE           	1544	0000	9
		i1___bmul      		CODE           	15AC	0000	18
		i1_DS1307_Read 		CODE           	176D	0000	73
		i1_i2c_Nack    		CODE           	1574	0000	10
		i1_Read_FullTime		CODE           	081D	0000	77

shared estimated size: 417

C:\Program Files\Microchip\xc8\v1.35\sources\common\Umul8.c
		___bmul        		CODE           	080A	0000	20

C:\Program Files\Microchip\xc8\v1.35\sources\common\Umul8.c estimated size: 20

C:\Program Files\Microchip\xc8\v1.35\sources\common\fttol.c
		___fttol       		CODE           	0DE9	0000	143

C:\Program Files\Microchip\xc8\v1.35\sources\common\fttol.c estimated size: 143

main.c
		_Display_HourAlarm		CODE           	1641	0000	40
		_ISR           		CODE           	002B	0000	484
		_main          		CODE           	06D2	0000	210
		_Read_Time     		CODE           	0AB1	0000	96
		_Display_SetTime		CODE           	020E	0000	462
		_Fix_Alarm     		CODE           	0BF2	0000	122
		_Write_Hour    		CODE           	0C6B	0000	122
		_Read_Tem      		CODE           	0B7C	0000	119
		_Change_Mode12h		CODE           	0CE4	0000	124
		_Write_Time    		CODE           	16C2	0000	53
		_Display       		CODE           	16F6	0000	55
		_Display_Time  		CODE           	03DB	0000	299
		_Display_Hour  		CODE           	15DB	0000	32
		_Read_FullTime 		CODE           	0869	0000	77
		_Display_Alarm 		CODE           	05F4	0000	223
		_Fix_Time      		CODE           	0D5F	0000	139
		_Write_Min     		CODE           	1668	0000	45

main.c estimated size: 2702

C:\Program Files\Microchip\xc8\v1.35\sources\common\awtoft.c
		___awtoft      		CODE           	15FA	0000	34

C:\Program Files\Microchip\xc8\v1.35\sources\common\awtoft.c estimated size: 34

LCD.c
		_Lcd_Write_String		CODE           	161B	0000	39
		_Lcd_Init      		CODE           	0A53	0000	95
		_Lcd_Write_Char		CODE           	172C	0000	66
		_Lcd_Cmd       		CODE           	15BD	0000	31
		_Lcd_Set_Cursor		CODE           	0902	0000	83
		_Lcd_Port      		CODE           	1694	0000	47

LCD.c estimated size: 361

